  LetExp [pos='2:1' _typeDefinition='null']
    TypesDec [pos='4:1']
      TypeDec [pos='4:1' name='tree']
        RecordType [pos='4:12']
          Field [pos='4:13' _typeDefinition='null' name='key' type='int']
          Field [pos='4:23' _typeDefinition='null' name='children' type='treelist']
    VarDec [pos='5:5' _typeDefinition='null' _forVariable='null' _depth='0' _access='null' _escapes='false' name='d' type='int']
      IntegerExp [pos='5:13' _typeDefinition='null' value='0']
    TypesDec [pos='6:1']
      TypeDec [pos='6:1' name='treelist']
        RecordType [pos='6:17']
          Field [pos='6:18' _typeDefinition='null' name='hd' type='tree']
          Field [pos='6:28' _typeDefinition='null' name='tl' type='treelist']
    SeqExp [pos='9:2' _typeDefinition='null']
      SimpleVar [pos='9:2' _typeDefinition='null' _declaration='null' _depth='0' name='d']
