  LetExp [pos='2:1' _typeDefinition='null']
    TypesDec [pos='3:2']
      TypeDec [pos='3:2' name='rectype']
        RecordType [pos='3:17']
          Field [pos='3:18' _typeDefinition='null' name='name' type='string']
          Field [pos='3:31' _typeDefinition='null' name='id' type='int']
    VarDec [pos='4:6' _typeDefinition='null' _forVariable='null' _depth='0' _access='null' _escapes='false' name='b' type='rectype']
      NilExp [pos='4:19' _typeDefinition='null']
    SeqExp [pos='7:4' _typeDefinition='null']
      OpExp [pos='6:4' _typeDefinition='null' op='=']
        SimpleVar [pos='6:2' _typeDefinition='null' _declaration='null' _depth='0' name='b']
        NilExp [pos='6:6' _typeDefinition='null']
      OpExp [pos='7:4' _typeDefinition='null' op='<>']
        SimpleVar [pos='7:2' _typeDefinition='null' _declaration='null' _depth='0' name='b']
        NilExp [pos='7:7' _typeDefinition='null']
