5:18 Parser Error
Couldn't repair and continue parse at character 4 of input
