  LetExp [pos='3:1' _typeDefinition='null']
    TypesDec [pos='4:2']
      TypeDec [pos='4:2' name='rectype']
        RecordType [pos='4:17']
          Field [pos='4:18' _typeDefinition='null' name='name' type='string']
          Field [pos='4:32' _typeDefinition='null' name='id' type='int']
    VarDec [pos='5:6' _typeDefinition='null' _forVariable='null' _depth='0' _access='null' _escapes='false' name='rec1' type='null']
      RecordExp [pos='5:14' _typeDefinition='null' type='rectype']
        ExpField [pos='5:23' name='name']
          StringExp [pos='5:34' _typeDefinition='null' value='aname']
        ExpField [pos='5:37' name='id']
          IntegerExp [pos='5:40' _typeDefinition='null' value='0']
    SeqExp [pos='8:10' _typeDefinition='null']
      AssignExp [pos='7:12' _typeDefinition='null']
        RecordVar [pos='7:2' _typeDefinition='null' _fieldPos='0' field='name']
          SimpleVar [pos='7:2' _typeDefinition='null' _declaration='null' _depth='0' name='rec1']
        IntegerExp [pos='7:15' _typeDefinition='null' value='3']
      AssignExp [pos='8:10' _typeDefinition='null']
        RecordVar [pos='8:2' _typeDefinition='null' _fieldPos='0' field='id']
          SimpleVar [pos='8:2' _typeDefinition='null' _declaration='null' _depth='0' name='rec1']
        StringExp [pos='8:14' _typeDefinition='null' value='']
