6:4 Both operands should have the same type
6:4 Type <int> is expected with +
