7:12 Type mismatch, expected <RecordTy 2:21> got <RecordTy 3:21>
