5:6 NIL initialized variables require a type declaration
