3:6 Declared type <IntegerTy> is incompatible with the assigned type <StringTy>
