3:1 Both branches results should be of the same type
