7:6 Declared type <ArrayTy 4:18> is incompatible with the assigned type <ArrayTy 5:18>
