  FuncsDec [pos='0:0']
    FuncDec [pos='0:0' _label='t_main' _resultTypeDefinition='IntegerTy' _depth='0' name='t_main' result='int']
      SeqExp [pos='0:0' _typeDefinition='IntegerTy']
        LetExp [pos='2:1' _typeDefinition='VoidTy']
          TypesDec [pos='9:1']
            TypeDec [pos='4:1' name='arrtype1']
              ArrayType [pos='4:17' _typeDefinition='IntegerTy' type='int']
            TypeDec [pos='5:1' name='rectype1']
              RecordType [pos='5:17']
                Field [pos='5:18' _typeDefinition='StringTy' name='name' type='string']
                Field [pos='5:31' _typeDefinition='StringTy' name='address' type='string']
                Field [pos='5:47' _typeDefinition='IntegerTy' name='id' type='int']
                Field [pos='5:57' _typeDefinition='IntegerTy' name='age' type='int']
            TypeDec [pos='6:1' name='arrtype2']
              ArrayType [pos='6:17' _typeDefinition='RecordTy 5:17' type='rectype1']
            TypeDec [pos='7:1' name='rectype2']
              RecordType [pos='7:17']
                Field [pos='7:18' _typeDefinition='StringTy' name='name' type='string']
                Field [pos='7:33' _typeDefinition='ArrayTy 4:17' name='dates' type='arrtype1']
            TypeDec [pos='9:1' name='arrtype3']
              ArrayType [pos='9:17' _typeDefinition='StringTy' type='string']
          VarDec [pos='11:5' _typeDefinition='ArrayTy 4:17' _forVariable='null' _depth='0' _access='null' _escapes='false' name='arr1' type='null']
            ArrayExp [pos='11:13' _typeDefinition='ArrayTy 4:17' type='arrtype1']
              IntegerExp [pos='11:23' _typeDefinition='IntegerTy' value='10']
              IntegerExp [pos='11:30' _typeDefinition='IntegerTy' value='0']
          VarDec [pos='12:5' _typeDefinition='ArrayTy 6:17' _forVariable='null' _depth='0' _access='null' _escapes='false' name='arr2' type='null']
            ArrayExp [pos='12:14' _typeDefinition='ArrayTy 6:17' type='arrtype2']
              IntegerExp [pos='12:24' _typeDefinition='IntegerTy' value='5']
              RecordExp [pos='12:30' _typeDefinition='RecordTy 5:17' type='rectype1']
                ExpField [pos='12:40' name='name']
                  StringExp [pos='12:51' _typeDefinition='StringTy' value='aname']
                ExpField [pos='12:54' name='address']
                  StringExp [pos='12:72' _typeDefinition='StringTy' value='somewhere']
                ExpField [pos='12:75' name='id']
                  IntegerExp [pos='12:78' _typeDefinition='IntegerTy' value='0']
                ExpField [pos='12:81' name='age']
                  IntegerExp [pos='12:85' _typeDefinition='IntegerTy' value='0']
          VarDec [pos='13:5' _typeDefinition='ArrayTy 9:17' _forVariable='null' _depth='0' _access='null' _escapes='false' name='arr3' type='arrtype3']
            ArrayExp [pos='13:22' _typeDefinition='ArrayTy 9:17' type='arrtype3']
              IntegerExp [pos='13:32' _typeDefinition='IntegerTy' value='100']
              StringExp [pos='13:41' _typeDefinition='StringTy' value='']
          VarDec [pos='15:5' _typeDefinition='RecordTy 5:17' _forVariable='null' _depth='0' _access='null' _escapes='false' name='rec1' type='null']
            RecordExp [pos='15:13' _typeDefinition='RecordTy 5:17' type='rectype1']
              ExpField [pos='15:23' name='name']
                StringExp [pos='15:36' _typeDefinition='StringTy' value='Kapoios']
              ExpField [pos='15:39' name='address']
                StringExp [pos='15:53' _typeDefinition='StringTy' value='Kapou']
              ExpField [pos='15:56' name='id']
                IntegerExp [pos='15:59' _typeDefinition='IntegerTy' value='2432']
              ExpField [pos='15:66' name='age']
                IntegerExp [pos='15:70' _typeDefinition='IntegerTy' value='44']
          VarDec [pos='16:5' _typeDefinition='RecordTy 7:17' _forVariable='null' _depth='0' _access='null' _escapes='false' name='rec2' type='null']
            RecordExp [pos='16:13' _typeDefinition='RecordTy 7:17' type='rectype2']
              ExpField [pos='16:23' name='name']
                StringExp [pos='16:34' _typeDefinition='StringTy' value='Allos']
              ExpField [pos='16:37' name='dates']
                ArrayExp [pos='16:44' _typeDefinition='ArrayTy 4:17' type='arrtype1']
                  IntegerExp [pos='16:54' _typeDefinition='IntegerTy' value='3']
                  IntegerExp [pos='16:60' _typeDefinition='IntegerTy' value='1900']
          SeqExp [pos='28:15' _typeDefinition='VoidTy']
            AssignExp [pos='20:9' _typeDefinition='VoidTy']
              ArrayVar [pos='20:1' _typeDefinition='IntegerTy']
                SimpleVar [pos='20:1' _typeDefinition='ArrayTy 4:17' _declaration='jtiger.ast.VarDec 11:5' _depth='0' name='arr1']
                IntegerExp [pos='20:6' _typeDefinition='IntegerTy' value='0']
              IntegerExp [pos='20:12' _typeDefinition='IntegerTy' value='1']
            AssignExp [pos='21:9' _typeDefinition='VoidTy']
              ArrayVar [pos='21:1' _typeDefinition='IntegerTy']
                SimpleVar [pos='21:1' _typeDefinition='ArrayTy 4:17' _declaration='jtiger.ast.VarDec 11:5' _depth='0' name='arr1']
                IntegerExp [pos='21:6' _typeDefinition='IntegerTy' value='9']
              IntegerExp [pos='21:12' _typeDefinition='IntegerTy' value='3']
            AssignExp [pos='22:14' _typeDefinition='VoidTy']
              RecordVar [pos='22:1' _typeDefinition='StringTy' _fieldPos='0' field='name']
                ArrayVar [pos='22:1' _typeDefinition='RecordTy 5:17']
                  SimpleVar [pos='22:1' _typeDefinition='ArrayTy 6:17' _declaration='jtiger.ast.VarDec 12:5' _depth='0' name='arr2']
                  IntegerExp [pos='22:6' _typeDefinition='IntegerTy' value='3']
              StringExp [pos='22:22' _typeDefinition='StringTy' value='kati']
            AssignExp [pos='23:13' _typeDefinition='VoidTy']
              RecordVar [pos='23:1' _typeDefinition='IntegerTy' _fieldPos='3' field='age']
                ArrayVar [pos='23:1' _typeDefinition='RecordTy 5:17']
                  SimpleVar [pos='23:1' _typeDefinition='ArrayTy 6:17' _declaration='jtiger.ast.VarDec 12:5' _depth='0' name='arr2']
                  IntegerExp [pos='23:6' _typeDefinition='IntegerTy' value='1']
              IntegerExp [pos='23:16' _typeDefinition='IntegerTy' value='23']
            AssignExp [pos='24:10' _typeDefinition='VoidTy']
              ArrayVar [pos='24:1' _typeDefinition='StringTy']
                SimpleVar [pos='24:1' _typeDefinition='ArrayTy 9:17' _declaration='jtiger.ast.VarDec 13:5' _depth='0' name='arr3']
                IntegerExp [pos='24:6' _typeDefinition='IntegerTy' value='34']
              StringExp [pos='24:17' _typeDefinition='StringTy' value='sfd']
            AssignExp [pos='26:11' _typeDefinition='VoidTy']
              RecordVar [pos='26:1' _typeDefinition='StringTy' _fieldPos='0' field='name']
                SimpleVar [pos='26:1' _typeDefinition='RecordTy 5:17' _declaration='jtiger.ast.VarDec 15:5' _depth='0' name='rec1']
              StringExp [pos='26:18' _typeDefinition='StringTy' value='sdf']
            AssignExp [pos='27:15' _typeDefinition='VoidTy']
              ArrayVar [pos='27:1' _typeDefinition='IntegerTy']
                RecordVar [pos='27:1' _typeDefinition='ArrayTy 4:17' _fieldPos='1' field='dates']
                  SimpleVar [pos='27:1' _typeDefinition='RecordTy 7:17' _declaration='jtiger.ast.VarDec 16:5' _depth='0' name='rec2']
                IntegerExp [pos='27:12' _typeDefinition='IntegerTy' value='0']
              IntegerExp [pos='27:18' _typeDefinition='IntegerTy' value='2323']
            AssignExp [pos='28:15' _typeDefinition='VoidTy']
              ArrayVar [pos='28:1' _typeDefinition='IntegerTy']
                RecordVar [pos='28:1' _typeDefinition='ArrayTy 4:17' _fieldPos='1' field='dates']
                  SimpleVar [pos='28:1' _typeDefinition='RecordTy 7:17' _declaration='jtiger.ast.VarDec 16:5' _depth='0' name='rec2']
                IntegerExp [pos='28:12' _typeDefinition='IntegerTy' value='2']
              IntegerExp [pos='28:18' _typeDefinition='IntegerTy' value='2323']
        IntegerExp [pos='0:0' _typeDefinition='IntegerTy' value='0']
