  FuncsDec [pos='0:0']
    FuncDec [pos='0:0' _label='t_main' _resultTypeDefinition='IntegerTy' _depth='0' name='t_main' result='int']
      SeqExp [pos='0:0' _typeDefinition='IntegerTy']
        LetExp [pos='2:1' _typeDefinition='IntegerTy']
          TypesDec [pos='3:2']
            TypeDec [pos='3:2' name='rectype']
              RecordType [pos='3:17']
                Field [pos='3:18' _typeDefinition='StringTy' name='name' type='string']
                Field [pos='3:31' _typeDefinition='IntegerTy' name='id' type='int']
          VarDec [pos='4:6' _typeDefinition='RecordTy 3:17' _forVariable='null' _depth='0' _access='null' _escapes='false' name='b' type='rectype']
            NilExp [pos='4:19' _typeDefinition='NilTy']
          SeqExp [pos='7:4' _typeDefinition='IntegerTy']
            OpExp [pos='6:4' _typeDefinition='IntegerTy' op='=']
              SimpleVar [pos='6:2' _typeDefinition='RecordTy 3:17' _declaration='jtiger.ast.VarDec 4:6' _depth='0' name='b']
              NilExp [pos='6:6' _typeDefinition='NilTy']
            OpExp [pos='7:4' _typeDefinition='IntegerTy' op='<>']
              SimpleVar [pos='7:2' _typeDefinition='RecordTy 3:17' _declaration='jtiger.ast.VarDec 4:6' _depth='0' name='b']
              NilExp [pos='7:7' _typeDefinition='NilTy']
        IntegerExp [pos='0:0' _typeDefinition='IntegerTy' value='0']
