3:2 Function <g> returns <IntegerTy>, expected <VoidTy>
